\BOOKMARK [0][-]{chapter.1}{\376\377\000R\000e\000v\000i\000e\000w\000s\000\040\000o\000n\000\040\000E\000u\000c\000l\000i\000d\000e\000a\000n\000\040\000s\000p\000a\000c\000e}{}% 1
\BOOKMARK [0][-]{chapter.2}{\376\377\000E\000l\000e\000m\000e\000n\000t\000s\000\040\000o\000f\000\040\000C\000a\000r\000t\000e\000s\000i\000a\000n\000\040\000T\000e\000n\000s\000o\000r\000\040\000A\000n\000a\000l\000y\000s\000i\000s}{}% 2
\BOOKMARK [1][-]{section.2.1}{\376\377\000I\000n\000d\000i\000c\000i\000a\000l\000\040\000n\000o\000t\000a\000t\000i\000o\000n}{chapter.2}% 3
\BOOKMARK [1][-]{section.2.2}{\376\377\000R\000a\000n\000g\000e\000\040\000c\000o\000n\000v\000e\000c\000t\000i\000o\000n}{chapter.2}% 4
\BOOKMARK [1][-]{section.2.3}{\376\377\000S\000u\000m\000m\000a\000t\000i\000o\000n\000\040\000c\000o\000n\000v\000e\000c\000t\000i\000o\000n}{chapter.2}% 5
\BOOKMARK [1][-]{section.2.4}{\376\377\000K\000r\000o\000n\000e\000c\000k\000e\000r\000\040\000d\000e\000l\000t\000a}{chapter.2}% 6
\BOOKMARK [1][-]{section.2.5}{\376\377\000A\000l\000t\000e\000r\000n\000a\000t\000i\000n\000g\000\040\000s\000y\000m\000b\000o\000l}{chapter.2}% 7
\BOOKMARK [1][-]{section.2.6}{\376\377\000R\000e\000p\000r\000e\000s\000e\000n\000t\000a\000t\000i\000o\000n\000\040\000o\000f\000\040\000L\000g\000\040\000d\000e\000t\000e\000r\000m\000i\000n\000a\000n\000t\000s}{chapter.2}% 8
\BOOKMARK [1][-]{section.2.7}{\376\377\000C\000o\000n\000n\000e\000c\000t\000i\000o\000n\000\040\000w\000i\000t\000h\000\040\000v\000e\000c\000t\000o\000r\000\040\000a\000l\000g\000e\000b\000r\000a}{chapter.2}% 9
\BOOKMARK [0][-]{chapter.3}{\376\377\000I\000n\000t\000r\000o\000d\000u\000c\000t\000i\000o\000n\000\040\000t\000o\000\040\000C\000a\000r\000t\000e\000s\000i\000a\000n\000\040\000t\000e\000n\000s\000o\000r}{}% 10
\BOOKMARK [1][-]{section.3.1}{\376\377\000T\000r\000a\000n\000s\000f\000o\000r\000m\000a\000t\000i\000o\000n\000\040\000o\000f\000\040\000c\000o\000o\000r\000d\000i\000n\000a\000t\000e\000\040\000f\000r\000a\000m\000e\000s\000\040\000\050\000D\000e\000f\000i\000n\000i\000t\000i\000o\000n\000\040\000o\000f\000\040\000C\000a\000r\000t\000e\000s\000i\000a\000n\000\040\000t\000e\000n\000s\000o\000r\000\051}{chapter.3}% 11
\BOOKMARK [1][-]{section.3.2}{\376\377\000O\000u\000t\000e\000r\000\040\000m\000u\000l\000t\000i\000p\000l\000i\000c\000a\000t\000i\000o\000n\000\040\000o\000f\000\040\000t\000e\000n\000s\000o\000r\000s}{chapter.3}% 12
\BOOKMARK [1][-]{section.3.3}{\376\377\000C\000o\000n\000t\000r\000a\000c\000t\000i\000o\000n\000\040\000o\000f\000\040\000t\000e\000n\000s\000o\000r\000s}{chapter.3}% 13
\BOOKMARK [1][-]{section.3.4}{\376\377\000O\000p\000e\000r\000a\000t\000i\000o\000n\000\040\000b\000e\000t\000w\000e\000e\000n\000\040\000t\000e\000n\000s\000o\000r\000s}{chapter.3}% 14
\BOOKMARK [1][-]{section.3.5}{\376\377\000I\000n\000n\000e\000r\000\040\000p\000r\000o\000d\000u\000c\000t\000\040\000o\000r\000\040\000f\000u\000l\000l\000y\000-\000c\000o\000n\000t\000r\000a\000c\000t\000e\000d\000\040\000o\000u\000t\000e\000r\000\040\000p\000r\000o\000d\000u\000c\000t}{chapter.3}% 15
\BOOKMARK [1][-]{section.3.6}{\376\377\000P\000r\000o\000d\000u\000c\000t\000\040\000o\000f\000\040\000a\000\040\000s\000e\000c\000o\000n\000d\000\040\000o\000r\000d\000e\000r\000\040\000t\000e\000n\000s\000o\000r\000\040\000a\000n\000d\000\040\000a\000\040\000v\000e\000c\000t\000o\000r}{chapter.3}% 16
\BOOKMARK [1][-]{section.3.7}{\376\377\000C\000o\000n\000n\000e\000c\000t\000i\000o\000n\000\040\000b\000e\000t\000w\000e\000e\000n\000\040\000s\000e\000c\000o\000n\000d\000\040\000o\000r\000d\000e\000r\000\040\000t\000e\000n\000s\000o\000r\000s\000\040\000a\000n\000d\000\040\000l\000i\000n\000e\000a\000r\000\040\000v\000e\000c\000t\000o\000r\000\040\000f\000u\000n\000c\000t\000i\000o\000n\000\040\000\050\000l\000.\000v\000.\000f\000.\000\051}{chapter.3}% 17
\BOOKMARK [1][-]{section.3.8}{\376\377\000T\000r\000a\000n\000s\000p\000o\000s\000e\000\040\000o\000f\000\040\000a\000\040\000s\000e\000c\000o\000n\000d\000\040\000o\000r\000d\000e\000r\000\040\000t\000e\000n\000s\000o\000r}{chapter.3}% 18
\BOOKMARK [1][-]{section.3.9}{\376\377\000P\000r\000o\000d\000u\000c\000t\000\040\000b\000e\000t\000w\000e\000e\000n\000\040\000t\000w\000o\000\040\000s\000e\000c\000o\000n\000d\000\040\000o\000r\000d\000e\000r\000\040\000t\000e\000n\000s\000o\000r\000s}{chapter.3}% 19
\BOOKMARK [1][-]{section.3.10}{\376\377\000T\000e\000n\000s\000o\000r\000\040\000\050\000o\000r\000\040\000d\000y\000a\000d\000i\000c\000\051\000\040\000p\000r\000o\000d\000u\000c\000t\000\040\000b\000e\000t\000w\000e\000e\000n\000\040\000t\000w\000o\000\040\000v\000e\000c\000t\000o\000r\000s}{chapter.3}% 20
\BOOKMARK [1][-]{section.3.11}{\376\377\000O\000r\000t\000h\000o\000g\000o\000n\000a\000l\000\040\000t\000e\000n\000s\000o\000r\000s}{chapter.3}% 21
\BOOKMARK [1][-]{section.3.12}{\376\377\000F\000u\000n\000d\000a\000m\000e\000n\000t\000a\000l\000\040\000s\000c\000a\000l\000a\000r\000\040\000i\000n\000v\000a\000r\000i\000a\000n\000t\000\040\000o\000f\000\040\000a\000\040\000s\000e\000c\000o\000n\000d\000\040\000o\000r\000d\000e\000r\000\040\000t\000e\000n\000s\000o\000r}{chapter.3}% 22
\BOOKMARK [1][-]{section.3.13}{\376\377\000P\000r\000i\000n\000c\000i\000p\000a\000l\000\040\000v\000a\000l\000u\000e\000\040\000a\000n\000d\000\040\000p\000r\000i\000n\000c\000i\000p\000a\000l\000\040\000d\000i\000r\000e\000c\000t\000i\000o\000n\000\040\000o\000f\000\040\000s\000e\000c\000o\000n\000d\000\040\000o\000r\000d\000e\000r\000\040\000t\000e\000n\000s\000o\000r\000s\000\040\000d\000e\000f\000i\000n\000i\000t\000i\000o\000n}{chapter.3}% 23
\BOOKMARK [1][-]{section.3.14}{\376\377\000S\000y\000m\000m\000e\000t\000r\000i\000c\000\040\000t\000e\000n\000s\000o\000r\000s\000\040\000f\000o\000r\000\040\000s\000e\000c\000o\000n\000d\000\040\000o\000r\000d\000e\000r\000\040\000t\000e\000n\000s\000o\000r\000s}{chapter.3}% 24
\BOOKMARK [1][-]{section.3.15}{\376\377\000S\000k\000e\000w\000-\000s\000y\000m\000m\000e\000t\000r\000i\000c\000\040\000t\000e\000n\000s\000o\000r\000s\000\040\000f\000o\000r\000\040\000s\000e\000c\000o\000n\000d\000\040\000o\000r\000d\000e\000r\000\040\000t\000e\000n\000s\000o\000r\000s}{chapter.3}% 25
\BOOKMARK [1][-]{section.3.16}{\376\377\000D\000e\000c\000o\000m\000p\000o\000s\000i\000t\000i\000o\000n\000\040\000T\000h\000e\000o\000r\000e\000m\000\040\000f\000o\000r\000\040\000s\000e\000c\000o\000n\000d\000\040\000o\000r\000d\000e\000r\000\040\000t\000e\000n\000s\000o\000r\000s}{chapter.3}% 26
\BOOKMARK [0][-]{chapter.4}{\376\377\000T\000e\000n\000s\000o\000r\000\040\000C\000a\000l\000c\000u\000l\000u\000s}{}% 27
\BOOKMARK [1][-]{section.4.1}{\376\377\000S\000m\000o\000o\000t\000h\000n\000e\000s\000s\000\040\000o\000f\000\040\000t\000e\000n\000s\000o\000r\000\040\000f\000i\000e\000l\000d\000s}{chapter.4}% 28
\BOOKMARK [1][-]{section.4.2}{\376\377\000R\000e\000l\000a\000t\000i\000o\000n\000\040\000t\000o\000\040\000v\000e\000c\000t\000o\000r\000\040\000c\000a\000l\000c\000u\000l\000u\000s}{chapter.4}% 29
\BOOKMARK [1][-]{section.4.3}{\376\377\000D\000i\000v\000e\000r\000g\000e\000n\000c\000e\000\040\000t\000h\000e\000o\000r\000e\000m}{chapter.4}% 30
\BOOKMARK [0][-]{chapter.5}{\376\377\000K\000i\000n\000e\000m\000a\000t\000i\000c\000s\000\040\000o\000f\000\040\000a\000\040\000C\000o\000n\000t\000i\000n\000u\000u\000m}{}% 31
\BOOKMARK [1][-]{section.5.1}{\376\377\000T\000e\000r\000m\000i\000n\000o\000l\000o\000g\000i\000e\000s\000\040\000a\000n\000d\000\040\000d\000e\000f\000i\000n\000i\000t\000i\000o\000n\000s}{chapter.5}% 32
\BOOKMARK [1][-]{section.5.2}{\376\377\000M\000o\000t\000i\000o\000n\000\040\000o\000f\000\040\000a\000\040\000b\000o\000d\000y}{chapter.5}% 33
\BOOKMARK [0][-]{chapter.6}{\376\377\000S\000t\000u\000d\000y\000\040\000o\000f\000\040\000D\000e\000f\000o\000r\000m\000a\000t\000i\000o\000n}{}% 34
\BOOKMARK [1][-]{section.6.1}{\376\377\000D\000e\000f\000o\000r\000m\000a\000t\000i\000o\000n\000\040\000g\000r\000a\000d\000i\000e\000n\000t\000\040\000f\000i\000e\000l\000d}{chapter.6}% 35
\BOOKMARK [1][-]{section.6.2}{\376\377\000S\000t\000r\000a\000i\000n\000\040\000t\000e\000n\000s\000o\000r\000\040\000i\000n\000\040\000t\000e\000r\000m\000s\000\040\000o\000f\000\040\000d\000i\000s\000p\000l\000a\000c\000e\000m\000e\000n\000t\000\040\000f\000i\000e\000l\000d}{chapter.6}% 36
\BOOKMARK [1][-]{section.6.3}{\376\377\000G\000e\000o\000m\000e\000t\000r\000i\000c\000\040\000i\000n\000t\000e\000r\000p\000r\000e\000t\000a\000t\000i\000o\000n\000\040\000o\000f\000\040\000L\000g}{chapter.6}% 37
\BOOKMARK [1][-]{section.6.4}{\376\377\000V\000o\000l\000u\000m\000e\000\040\000c\000h\000a\000n\000g\000e}{chapter.6}% 38
\BOOKMARK [1][-]{section.6.5}{\376\377\000D\000i\000r\000e\000c\000t\000\040\000g\000e\000o\000m\000e\000t\000r\000i\000c\000a\000l\000\040\000i\000n\000t\000e\000r\000p\000r\000e\000t\000a\000t\000i\000o\000n\000\040\000o\000f\000\040\000t\000h\000e\000\040\000L\000a\000g\000r\000a\000n\000g\000i\000a\000n\000\040\000S\000t\000r\000a\000i\000n\000\040\000t\000e\000n\000s\000o\000r\000\040\000f\000i\000e\000l\000d\000\040\000o\000f\000\040\000a\000n\000\040\000a\000d\000m\000i\000s\000s\000i\000b\000l\000e\000\040\000d\000e\000f\000o\000r\000m\000a\000t\000i\000o\000n\000\040\000\050\000G\000e\000n\000e\000r\000a\000l\000\040\000D\000e\000f\000o\000r\000m\000a\000t\000i\000o\000n\000\051}{chapter.6}% 39
\BOOKMARK [1][-]{section.6.6}{\376\377\000I\000n\000f\000i\000n\000i\000t\000e\000s\000i\000m\000a\000l\000\040\000d\000e\000f\000o\000r\000m\000a\000t\000i\000o\000n}{chapter.6}% 40
\BOOKMARK [0][-]{chapter.7}{\376\377\000K\000i\000n\000e\000t\000i\000c\000s\000\040\000o\000f\000\040\000C\000o\000n\000t\000i\000n\000u\000o\000u\000s\000\040\000M\000e\000d\000i\000a}{}% 41
\BOOKMARK [1][-]{section.7.1}{\376\377\000M\000a\000s\000s\000\040\000d\000e\000n\000s\000i\000t\000y\000,\000\040\000c\000o\000n\000s\000e\000r\000v\000a\000t\000i\000o\000n\000\040\000o\000f\000\040\000m\000a\000s\000s\000\040\000\050\000e\000q\000u\000a\000t\000i\000o\000n\000\040\000o\000f\000\040\000c\000o\000n\000t\000i\000n\000u\000i\000t\000y\000\051}{chapter.7}% 42
\BOOKMARK [1][-]{section.7.2}{\376\377\000P\000o\000s\000t\000u\000l\000a\000t\000e\000\040\000o\000f\000\040\000m\000a\000s\000s\000\040\000c\000o\000n\000s\000e\000r\000v\000a\000t\000i\000o\000n\000\040\000\050\000G\000l\000o\000b\000a\000l\000\040\000V\000e\000r\000s\000i\000o\000n\000\051}{chapter.7}% 43
\BOOKMARK [1][-]{section.7.3}{\376\377\000V\000e\000l\000o\000c\000i\000t\000y\000\040\000a\000n\000d\000\040\000a\000c\000c\000e\000l\000e\000r\000a\000t\000i\000o\000n\000\040\000f\000i\000e\000l\000d\000s}{chapter.7}% 44
\BOOKMARK [1][-]{section.7.4}{\376\377\000M\000a\000t\000e\000r\000i\000a\000l\000\040\000t\000i\000m\000e\000\040\000d\000e\000r\000i\000v\000a\000t\000i\000v\000e}{chapter.7}% 45
\BOOKMARK [1][-]{section.7.5}{\376\377\000F\000o\000r\000\040\000l\000o\000c\000a\000l\000l\000y\000\040\000v\000o\000l\000u\000m\000e\000\040\000p\000r\000e\000s\000e\000r\000v\000i\000n\000g\000\040\000\050\000i\000s\000o\000c\000h\000o\000r\000i\000c\000\040\000m\000o\000t\000i\000o\000n\000\051}{chapter.7}% 46
\BOOKMARK [1][-]{section.7.6}{\376\377\000S\000p\000a\000t\000i\000a\000l\000\040\000v\000e\000l\000o\000c\000i\000t\000y\000\040\000g\000r\000a\000d\000i\000e\000n\000t\000\040\000t\000e\000n\000s\000o\000r}{chapter.7}% 47
\BOOKMARK [1][-]{section.7.7}{\376\377\000P\000h\000y\000s\000i\000c\000a\000l\000\040\000i\000n\000t\000e\000r\000p\000r\000e\000t\000a\000t\000i\000o\000n\000\040\000o\000f\000\040\000L\000g}{chapter.7}% 48
\BOOKMARK [1][-]{section.7.8}{\376\377\000C\000o\000n\000s\000e\000r\000v\000a\000t\000i\000o\000n\000\040\000o\000f\000\040\000m\000a\000s\000s\000\040\000f\000o\000r\000\040\000a\000\040\000c\000o\000n\000t\000r\000o\000l\000\040\000v\000o\000l\000u\000m\000e}{chapter.7}% 49
\BOOKMARK [1][-]{section.7.9}{\376\377\000R\000e\000y\000n\000o\000l\000d\000s\000\040\000t\000r\000a\000n\000s\000p\000o\000r\000t\000\040\000t\000h\000e\000o\000r\000e\000m\000\040\000\050\000R\000T\000T\000\051}{chapter.7}% 50
\BOOKMARK [1][-]{section.7.10}{\376\377\000B\000o\000d\000y\000\040\000f\000o\000r\000c\000e\000s\000,\000\040\000c\000o\000n\000t\000a\000c\000t\000\040\000f\000o\000r\000c\000e\000s\000,\000\040\000s\000u\000r\000f\000a\000c\000e\000\040\000t\000r\000a\000c\000t\000i\000o\000n\000s}{chapter.7}% 51
\BOOKMARK [2][-]{subsection.7.10.1}{\376\377\000B\000o\000d\000y\000\040\000f\000o\000r\000c\000e\000\040\000d\000e\000n\000s\000i\000t\000y}{section.7.10}% 52
\BOOKMARK [2][-]{subsection.7.10.2}{\376\377\000C\000o\000n\000t\000a\000c\000t\000\040\000f\000o\000r\000c\000e\000s\000,\000\040\000s\000u\000r\000f\000a\000c\000e\000\040\000t\000r\000a\000c\000t\000i\000o\000n\000s}{section.7.10}% 53
\BOOKMARK [1][-]{section.7.11}{\376\377\000C\000o\000n\000s\000e\000r\000v\000a\000t\000i\000o\000n\000\040\000o\000f\000\040\000l\000i\000n\000e\000a\000r\000\040\000m\000o\000m\000e\000n\000t\000u\000m}{chapter.7}% 54
\BOOKMARK [1][-]{section.7.12}{\376\377\000C\000o\000n\000s\000e\000r\000v\000a\000t\000i\000o\000n\000\040\000o\000f\000\040\000a\000n\000g\000u\000l\000a\000r\000\040\000m\000o\000m\000e\000n\000t\000u\000m}{chapter.7}% 55
\BOOKMARK [1][-]{section.7.13}{\376\377\000E\000x\000i\000s\000t\000e\000n\000c\000e\000\040\000o\000f\000\040\000s\000t\000r\000e\000s\000s}{chapter.7}% 56
\BOOKMARK [1][-]{section.7.14}{\376\377\000L\000o\000c\000a\000l\000\040\000v\000e\000r\000s\000i\000o\000n\000\040\000o\000f\000\040\000b\000a\000l\000a\000n\000c\000e\000\040\000l\000a\000w\000s}{chapter.7}% 57
\BOOKMARK [0][-]{chapter.8}{\376\377\000T\000h\000e\000r\000m\000o\000d\000y\000n\000a\000m\000i\000c\000s\000\040\000o\000f\000\040\000B\000o\000d\000i\000e\000s}{}% 58
\BOOKMARK [1][-]{section.8.1}{\376\377\000E\000n\000e\000r\000g\000e\000t\000i\000c\000\040\000A\000x\000i\000o\000m\000s}{chapter.8}% 59
\BOOKMARK [1][-]{section.8.2}{\376\377\000M\000o\000t\000i\000v\000a\000t\000i\000o\000n\000\040\000a\000n\000d\000\040\000c\000o\000m\000p\000a\000r\000i\000s\000o\000n\000\040\000w\000i\000t\000h\000\040\000c\000l\000a\000s\000s\000i\000c\000a\000l\000\040\000t\000h\000e\000r\000m\000o\000d\000y\000n\000a\000m\000i\000c\000s}{chapter.8}% 60
\BOOKMARK [1][-]{section.8.3}{\376\377\000A\000x\000i\000o\000m\000s\000\040\000o\000f\000\040\000e\000n\000t\000r\000o\000p\000y\000\040\000a\000n\000d\000\040\000t\000e\000m\000p\000e\000r\000a\000t\000u\000r\000e}{chapter.8}% 61
\BOOKMARK [1][-]{section.8.4}{\376\377\000T\000h\000e\000r\000m\000o\000d\000y\000n\000a\000m\000i\000c\000\040\000p\000r\000o\000c\000e\000s\000s}{chapter.8}% 62
\BOOKMARK [1][-]{section.8.5}{\376\377\000F\000u\000n\000d\000a\000m\000e\000n\000t\000a\000l\000\040\000f\000i\000e\000l\000d\000\040\000e\000q\000u\000a\000t\000i\000o\000n\000s\000\040\000f\000o\000r\000\040\000a\000\040\000t\000h\000e\000r\000m\000o\000d\000y\000n\000a\000m\000i\000c\000\040\000p\000r\000o\000c\000e\000s\000s}{chapter.8}% 63
\BOOKMARK [0][-]{section*.449}{\376\377\000A\000p\000p\000e\000n\000d\000i\000x\000\040\000A\000p\000p\000e\000n\000d\000i\000c\000e\000s}{}% 64
\BOOKMARK [0][-]{appendix.A}{\376\377\000A\000p\000p\000e\000n\000d\000i\000x\000\040\000S\000o\000m\000e\000\040\000d\000e\000f\000i\000n\000i\000t\000i\000o\000n\000s\000\040\000c\000o\000n\000c\000e\000r\000n\000i\000n\000g\000\040\000c\000u\000r\000v\000e\000s\000,\000\040\000s\000u\000r\000f\000a\000c\000e\000s\000,\000\040\000a\000n\000d\000\040\000r\000e\000g\000i\000o\000n\000s}{}% 65
\BOOKMARK [0][-]{section*.450}{\376\377\000B\000i\000b\000l\000i\000o\000g\000r\000a\000p\000h\000y}{}% 66
